[BootStrap]
File1=1,,setup1.ex_,setup1.exe,$(WinPath),,,3/6/1997 0:00:00,167936,5.0.0.3716,"","",""
File2=1,,VB5StKit.dl_,VB5StKit.dll,$(WinSysPath),,$(Shared),3/6/1997 0:00:00,29696,5.0.37.16,"","",""
File3=1,,VB5IT.dl_,VB5IT.dll,$(WinSysPath),,$(Shared),3/6/1997 0:00:00,97040,5.0.37.24,"","",""
File4=1,,MSVBVM50.dl_,MSVBVM50.dll,$(WinSysPathSysFile),$(DLLSelfRegister),,8/31/2001 17:00:00,1355776,5.2.82.44,"","",""
File5=1,,StdOle2.tl_,StdOle2.tlb,$(WinSysPathSysFile),$(TLBRegister),,3/6/1997 0:00:00,16896,2.20.4054.1,"","",""
File6=1,,OleAut32.dl_,OleAut32.dll,$(WinSysPathSysFile),$(DLLSelfRegister),,3/6/1997 0:00:00,491792,2.20.4054.1,"","",""
File7=1,,OlePro32.dl_,OlePro32.dll,$(WinSysPathSysFile),$(DLLSelfRegister),,3/6/1997 0:00:00,32528,5.0.4055.1,"","",""
File8=1,,AsycFilt.dl_,AsycFilt.dll,$(WinSysPathSysFile),,,3/6/1997 0:00:00,120592,2.20.4056.1,"","",""
File9=1,,Ctl3d32.dl_,Ctl3d32.dll,$(WinSysPathSysFile),,,3/6/1997 0:00:00,27136,2.31.0.0,"","",""
File10=1,,ComCat.dl_,ComCat.dll,$(WinSysPathSysFile),$(DLLSelfRegister),,3/6/1997 0:00:00,22288,4.71.1441.1,"","",""
[Files]
File1=1,,DBGRID32.OC_,DBGRID32.OCX,$(WinSysPath),$(DLLSelfRegister),$(Shared),3/6/1997 0:00:00,519680,5.0.37.14,"","",""
File2=1,,DBGrdIT.dl_,DBGrdIT.dll,$(WinSysPath),,$(Shared),3/6/1997 0:00:00,36352,1.0.0.126,"","",""
File3=1,,dao2535.tl_,dao2535.tlb,$(MSDAOPath),$(TLBRegister),$(Shared),5/16/1998 1:00:00,73184,,"","",""
File4=1,,DAO350.dl_,DAO350.dll,$(MSDAOPath),$(DLLSelfRegister),$(Shared),4/28/1998 0:00:00,570128,3.51.1608.0,"","",""
File5=1,,MSJtEr35.dl_,MSJtEr35.dll,$(WinSysPathSysFile),,,4/25/1998 0:00:00,24848,3.51.623.0,"","",""
File6=1,,MSJInt35.dl_,MSJInt35.dll,$(WinSysPathSysFile),,,7/20/1998 0:00:00,142608,3.51.623.0,"","",""
File7=1,,MSVCRT40.dl_,MSVCRT40.dll,$(WinSysPathSysFile),,,3/6/1997 0:00:00,326656,4.10.0.6038,"","",""
File8=1,,comctl32.oc_,comctl32.ocx,$(WinSysPath),$(DLLSelfRegister),$(Shared),5/22/2000 17:58:00,608448,6.0.81.5,"","",""
File9=1,,CmCtlIT.dl_,CmCtlIT.dll,$(WinSysPath),,$(Shared),8/5/1998 1:00:00,107008,6.0.80.22,"","",""
File10=1,,ppro20g.oc_,ppro20g.ocx,$(WinSysPath),$(DLLSelfRegister),$(Shared),4/2/1998 14:18:52,179200,2.1.0.0,"","",""
File11=1,,ppro200.dl_,ppro200.dll,$(WinSysPath),,$(Shared),5/26/1998 12:27:16,305152,2.1.0.4,"","",""
File12=1,,MFC42.dl_,MFC42.dll,$(WinSysPathSysFile),$(DLLSelfRegister),,4/10/2009 23:28:22,1135104,6.6.8063.0,"","",""
File13=1,,MSVCRT.dl_,MSVCRT.dll,$(WinSysPathSysFile),,,4/10/2009 23:28:24,679936,7.0.6002.18005,"","",""
File14=1,,pptif200.dl_,pptif200.dll,$(WinSysPath),,$(Shared),3/26/1998 12:28:30,64512,2.0.0.1,"","",""
File15=1,,picn13.dl_,picn13.dll,$(WinSysPath),,$(Shared),5/27/1998 11:33:28,24064,1.0.0.10,"","",""
File16=1,,picn1213.ss_,picn1213.ssm,$(WinSysPath),,$(Shared),5/21/1998 20:32:36,32613,,"","",""
File17=1,,picn1313.ss_,picn1313.ssm,$(WinSysPath),,$(Shared),5/21/1998 20:33:02,42828,,"","",""
File18=1,,picn1513.ss_,picn1513.ssm,$(WinSysPath),,$(Shared),5/21/1998 20:36:12,31383,,"","",""
File19=1,,picn1813.ss_,picn1813.ssm,$(WinSysPath),,$(Shared),5/21/1998 20:31:22,48342,,"","",""
File20=1,,picn8213.ss_,picn8213.ssm,$(WinSysPath),,$(Shared),5/21/1998 21:02:18,14368,,"","",""
File21=1,,picn8913.ss_,picn8913.ssm,$(WinSysPath),,$(Shared),5/21/1998 20:37:40,28346,,"","",""
File22=1,,CRYSTL32.OC_,CRYSTL32.OCX,$(WinSysPath),$(DLLSelfRegister),$(Shared),3/6/1997 0:00:00,187664,4.6.37.14,"","",""
File23=1,,CC245IT.DL_,CC245IT.DLL,$(WinSysPath),$(DLLSelfRegister),$(Shared),3/6/1997 0:00:00,26624,4.6.0.103,"","",""
File24=1,,CRPE32.DL_,CRPE32.DLL,$(WinSysPath),,$(Shared),3/6/1997 0:00:00,1846784,4.6.1.112,"","",""
File25=1,,CR2C40IT.DL_,CR2C40IT.DLL,$(WinSysPath),,$(Shared),3/6/1997 0:00:00,689664,4.6.1.0,"","",""
File26=1,,IMPLODE.DL_,IMPLODE.DLL,$(WinSysPath),,$(Shared),3/6/1997 0:00:00,18944,1.0.0.1,"","",""
File27=1,,PG32.DL_,PG32.DLL,$(WinSysPath),,$(Shared),3/6/1997 0:00:00,979456,1.0.0.11,"","",""
File28=1,,CO2C40EN.DL_,CO2C40EN.DLL,$(WinSysPath),,$(Shared),3/6/1997 0:00:00,179712,4.6.1.206,"","",""
File29=1,,MSVCRT20.DL_,MSVCRT20.DLL,$(WinSysPathSysFile),,,3/6/1997 0:00:00,253952,2.11.0.0,"","",""
File30=1,,CRXLAT32.DL_,CRXLAT32.DLL,$(WinPath)\Crystal,,$(Shared),3/6/1997 0:00:00,39936,4.6.1.106,"","",""
File31=1,,P2BBND.DL_,P2BBND.DLL,$(WinSysPath),,$(Shared),3/6/1997 0:00:00,36352,4.6.1.106,"","",""
File32=1,,P3D4BDIT.DL_,P3D4BDIT.DLL,$(WinSysPath),,$(Shared),3/6/1997 0:00:00,15872,4.6.1.0,"","",""
File33=1,,P2BDAO.DL_,P2BDAO.DLL,$(WinSysPath),,$(Shared),3/6/1997 0:00:00,87040,4.6.1.112,"","",""
File34=1,,P3BDAOIT.DL_,P3BDAOIT.DLL,$(WinSysPath),,$(Shared),3/6/1997 0:00:00,12800,4.6.1.117,"","",""
File35=1,,P2CTDAO.DL_,P2CTDAO.DLL,$(WinSysPath),,$(Shared),3/6/1997 0:00:00,50176,4.6.1.106,"","",""
File36=1,,P3CDAOIT.DL_,P3CDAOIT.DLL,$(WinSysPath),,$(Shared),3/6/1997 0:00:00,12288,4.6.1.117,"","",""
File37=1,,P2IRDAO.DL_,P2IRDAO.DLL,$(WinSysPath),,$(Shared),3/6/1997 0:00:00,54272,4.6.1.106,"","",""
File38=1,,P3RDAOIT.DL_,P3RDAOIT.DLL,$(WinSysPath),,$(Shared),3/6/1997 0:00:00,12288,4.6.1.117,"","",""
File39=1,,P2SODBC.DL_,P2SODBC.DLL,$(WinSysPath),,$(Shared),3/6/1997 0:00:00,131072,4.6.1.106,"","",""
File40=1,,P3S4ODIT.DL_,P3S4ODIT.DLL,$(WinSysPath),,$(Shared),3/6/1997 0:00:00,40374,4.6.1.0,"","",""
File41=1,,U2DDISK.DL_,U2DDISK.DLL,$(WinPath)\Crystal,,$(Shared),3/6/1997 0:00:00,45056,4.6.1.106,"","",""
File42=1,,X2D4DKIT.DL_,X2D4DKIT.DLL,$(WinPath)\Crystal,,$(Shared),3/6/1997 0:00:00,25600,4.6.1.0,"","",""
File43=1,,U2DMAPI.DL_,U2DMAPI.DLL,$(WinPath)\Crystal,,$(Shared),3/6/1997 0:00:00,124256,4.6.1.106,"","",""
File44=1,,X2D4MPIT.DL_,X2D4MPIT.DLL,$(WinPath)\Crystal,,$(Shared),3/6/1997 0:00:00,26624,4.6.1.0,"","",""
File45=1,,U2FCR.DL_,U2FCR.DLL,$(WinPath)\Crystal,,$(Shared),3/6/1997 0:00:00,97489,4.6.1.106,"","",""
File46=1,,X2F4CRIT.DL_,X2F4CRIT.DLL,$(WinPath)\Crystal,,$(Shared),3/6/1997 0:00:00,25600,4.6.1.0,"","",""
File47=1,,U2FDIF.DL_,U2FDIF.DLL,$(WinPath)\Crystal,,$(Shared),3/6/1997 0:00:00,49152,4.6.1.106,"","",""
File48=1,,X2F4DFIT.DL_,X2F4DFIT.DLL,$(WinPath)\Crystal,,$(Shared),3/6/1997 0:00:00,26112,4.6.1.0,"","",""
File49=1,,U2FHTML.DL_,U2FHTML.DLL,$(WinPath)\Crystal,,$(Shared),3/6/1997 0:00:00,109568,4.6.1.106,"","",""
File50=1,,X2F4HTIT.DL_,X2F4HTIT.DLL,$(WinPath)\Crystal,,$(Shared),3/6/1997 0:00:00,19968,4.5.0.123,"","",""
File51=1,,U2FREC.DL_,U2FREC.DLL,$(WinPath)\Crystal,,$(Shared),3/6/1997 0:00:00,49152,4.6.1.106,"","",""
File52=1,,X2F4RCIT.DL_,X2F4RCIT.DLL,$(WinPath)\Crystal,,$(Shared),3/6/1997 0:00:00,26112,4.6.1.0,"","",""
File53=1,,U2FRTF.DL_,U2FRTF.DLL,$(WinPath)\Crystal,,$(Shared),3/6/1997 0:00:00,153761,4.6.1.106,"","",""
File54=1,,X2F4RTIT.DL_,X2F4RTIT.DLL,$(WinPath)\Crystal,,$(Shared),3/6/1997 0:00:00,25600,4.6.1.0,"","",""
File55=1,,U2FSEPV.DL_,U2FSEPV.DLL,$(WinPath)\Crystal,,$(Shared),3/6/1997 0:00:00,53248,4.6.1.106,"","",""
File56=1,,X2F4SVIT.DL_,X2F4SVIT.DLL,$(WinPath)\Crystal,,$(Shared),3/6/1997 0:00:00,26624,4.6.1.0,"","",""
File57=1,,U2FTEXT.DL_,U2FTEXT.DLL,$(WinPath)\Crystal,,$(Shared),3/6/1997 0:00:00,53248,4.6.1.106,"","",""
File58=1,,X2F4TXIT.DL_,X2F4TXIT.DLL,$(WinPath)\Crystal,,$(Shared),3/6/1997 0:00:00,25600,4.6.1.0,"","",""
File59=1,,U2FWKS.DL_,U2FWKS.DLL,$(WinPath)\Crystal,,$(Shared),3/6/1997 0:00:00,53248,4.6.1.106,"","",""
File60=1,,X2F4WKIT.DL_,X2F4WKIT.DLL,$(WinPath)\Crystal,,$(Shared),3/6/1997 0:00:00,26112,4.6.1.0,"","",""
File61=1,,U2FWORDW.DL_,U2FWORDW.DLL,$(WinPath)\Crystal,,$(Shared),3/6/1997 0:00:00,69632,4.6.1.106,"","",""
File62=1,,X2F4WDIT.DL_,X2F4WDIT.DLL,$(WinPath)\Crystal,,$(Shared),3/6/1997 0:00:00,25088,1.0.0.1,"","",""
File63=1,,U2FXLS.DL_,U2FXLS.DLL,$(WinPath)\Crystal,,$(Shared),3/6/1997 0:00:00,69632,4.6.1.106,"","",""
File64=1,,X2F4XLIT.DL_,X2F4XLIT.DLL,$(WinPath)\Crystal,,$(Shared),3/6/1997 0:00:00,26624,4.6.1.0,"","",""
File65=1,,MSJet35.dl_,MSJet35.dll,$(WinSysPathSysFile),$(DLLSelfRegister),,4/25/1998 0:00:00,1045776,3.51.623.4,"","",""
File66=1,,VBAJet32.dl_,VBAJet32.dll,$(WinSysPathSysFile),,,11/2/2006 11:46:13,30749,6.0.1.9431,"","",""
File67=1,,VB5DB.dl_,VB5DB.dll,$(WinSysPath),,$(Shared),6/18/1998 0:00:00,89360,6.0.81.69,"","",""
File68=1,,MSRD2x35.dl_,MSRD2x35.dll,$(WinSysPathSysFile),$(DLLSelfRegister),,4/25/1998 0:00:00,252176,3.51.623.0,"","",""
File69=1,,MsRepl35.dl_,MsRepl35.dll,$(WinSysPathSysFile),,,4/25/1998 0:00:00,407312,3.51.623.0,"","",""
File70=1,,ODBCJt32.dl_,ODBCJt32.dll,$(WinSysPathSysFile),,,1/21/2008 4:24:18,319488,6.0.6001.18000,"","",""
File71=1,,ODBCJI32.dl_,ODBCJI32.dll,$(WinSysPathSysFile),,,11/2/2006 11:46:12,24576,6.0.6000.16386,"","",""
File72=1,,ODBCTL32.dl_,ODBCTL32.dll,$(WinSysPathSysFile),,,5/31/1998 0:00:00,72704,3.51.1713.0,"","",""
File73=1,,WinJudoSERV.ex_,WinJudoSERV.exe,$(AppPath),,,10/29/2010 10:11:25,4453888,27.10.0.2010,"","WinJudo_SERV","$(AppPath)\WinJudoSERV.exe"
File74=1,,Accredito.md_,Accredito.mdb,$(AppPath),,,5/29/2010 10:38:02,202752,,"","",""
File75=1,,Anteprima.md_,Anteprima.mdb,$(AppPath),,,3/13/2009 16:50:56,217088,,"","",""
File76=1,,DbaseStor.md_,DbaseStor.mdb,$(AppPath),,,5/29/2010 10:36:36,90112,,"","",""
File77=1,,DbaseTipo.md_,DbaseTipo.mdb,$(AppPath),,,3/17/2010 16:39:42,761856,,"","",""
File78=1,,anteprima.rp_,anteprima.rpt,$(AppPath),,,5/26/2005 23:56:30,4520,,"","",""
File79=1,,brochure.rp_,brochure.rpt,$(AppPath),,,1/26/2002 20:26:54,5063,,"","",""
File80=1,,camere.rp_,camere.rpt,$(AppPath),,,4/21/2005 11:27:42,38563,,"","",""
File81=1,,clascum.rp_,clascum.rpt,$(AppPath),,,11/14/2001 17:24:22,30235,,"","",""
File82=1,,clascuma.rp_,clascuma.rpt,$(AppPath),,,12/16/2001 15:23:26,41867,,"","",""
File83=1,,clascumn.rp_,clascumn.rpt,$(AppPath),,,12/16/2001 15:23:00,50985,,"","",""
File84=1,,cl-cate.rp_,cl-cate.rpt,$(AppPath),,,4/18/2005 21:25:26,25747,,"","",""
File85=1,,e-cate.rp_,e-cate.rpt,$(AppPath),,,12/16/2001 17:25:12,34344,,"","",""
File86=1,,e-catea.rp_,e-catea.rpt,$(AppPath),,,12/16/2001 17:25:42,34419,,"","",""
File87=1,,e-caten.rp_,e-caten.rpt,$(AppPath),,,12/16/2001 17:26:08,33925,,"","",""
File88=1,,e-classpe0.rp_,e-classpe0.rpt,$(AppPath),,,12/16/2001 17:27:04,30676,,"","",""
File89=1,,e-classpe1.rp_,e-classpe1.rpt,$(AppPath),,,12/16/2001 17:27:46,31102,,"","",""
File90=1,,e-classpe2.rp_,e-classpe2.rpt,$(AppPath),,,12/16/2001 17:28:22,30751,,"","",""
File91=1,,e-classpe3.rp_,e-classpe3.rpt,$(AppPath),,,12/16/2001 17:28:58,31493,,"","",""
File92=1,,e-classpe4.rp_,e-classpe4.rpt,$(AppPath),,,12/16/2001 17:29:34,31031,,"","",""
File93=1,,e-team.rp_,e-team.rpt,$(AppPath),,,1/27/2002 18:02:40,59489,,"","",""
File94=1,,f-appo.rp_,f-appo.rpt,$(AppPath),,,12/16/2001 17:31:26,29743,,"","",""
File95=1,,f-atleti.rp_,f-atleti.rpt,$(AppPath),,,3/22/2002 17:57:10,43753,,"","",""
File96=1,,incasso.rp_,incasso.rpt,$(AppPath),,,2/14/2006 9:40:18,68007,,"","",""
File97=1,,incassoold.rp_,incassoold.rpt,$(AppPath),,,2/14/2006 9:25:00,67108,,"","",""
File98=1,,kg.rp_,kg.rpt,$(AppPath),,,12/16/2000 18:50:46,16075,,"","",""
File99=1,,kg_manycat.rp_,kg_manycat.rpt,$(AppPath),,,12/16/2001 17:33:20,33813,,"","",""
File100=1,,medaglie.rp_,medaglie.rpt,$(AppPath),,,12/16/2001 17:33:50,32084,,"","",""
File101=1,,punti.rp_,punti.rpt,$(AppPath),,,4/21/2005 23:47:12,29156,,"","",""
File102=1,,ricevuta.rp_,ricevuta.rpt,$(AppPath),,,4/28/2006 13:33:54,63762,,"","",""
File103=1,,t_32.rp_,t_32.rpt,$(AppPath),,,5/11/2004 17:23:10,66660,,"","",""
File104=1,,tabnaz.rp_,tabnaz.rpt,$(AppPath),,,12/16/2001 17:34:38,33672,,"","",""
File105=1,,verb_pag1.rp_,verb_pag1.rpt,$(AppPath),,,5/27/2005 16:44:28,93253,,"","",""
File106=1,,v-peso.rp_,v-peso.rpt,$(AppPath),,,3/1/2010 18:29:39,6276,,"","",""
File107=1,,FExcel.xl_,FExcel.xls,$(AppPath),,,10/27/2008 18:28:04,31232,,"","",""

[Setup]
Title=WinJudo_SERV
DefProgramGroup=WinJudo_SERV
DefaultDir=$(ProgramFiles)\WinJudo_SERV
Setup=setup1.exe
AppExe=WinJudoSERV.exe
AppToUninstall=WinJudoSERV.exe
AppPath=

; Le righe seguenti potrebbero essere eliminate per ottenere spazio 
; aggiuntivo per la personalizzazione di questo file in un dischetto 
; per l'installazione completa.
; 
; XXXXXXXXXXXXXXXXXXXXXXXXXXXXXXXXXXXXXXXXXXXXXXXXXXXXXXXXXXXX
; XXXXXXXXXXXXXXXXXXXXXXXXXXXXXXXXXXXXXXXXXXXXXXXXXXXXXXXXXXXX
; XXXXXXXXXXXXXXXXXXXXXXXXXXXXXXXXXXXXXXXXXXXXXXXXXXXXXXXXXXXX
; XXXXXXXXXXXXXXXXXXXXXXXXXXXXXXXXXXXXXXXXXXXXXXXXXXXXXXXXXXXX
; XXXXXXXXXXXXXXXXXXXXXXXXXXXXXXXXXXXXXXXXXXXXXXXXXXXXXXXXXXXX
; XXXXXXXXXXXXXXXXXXXXXXXXXXXXXXXXXXXXXXXXXXXXXXXXXXXXXXXXXXXX
; XXXXXXXXXXXXXXXXXXXXXXXXXXXXXXXXXXXXXXXXXXXXXXXXXXXXXXXXXXXX
; XXXXXXXXXXXXXXXXXXXXXXXXXXXXXXXXXXXXXXXXXXXXXXXXXXXXXXXXXXXX
; XXXXXXXXXXXXXXXXXXXXXXXXXXXXXXXXXXXXXXXXXXXXXXXXXXXXXXXXXXXX
; XXXXXXXXXXXXXXXXXXXXXXXXXXXXXXXXXXXXXXXXXXXXXXXXXXXXXXXXXXXX
; XXXXXXXXXXXXXXXXXXXXXXXXXXXXXXXXXXXXXXXXXXXXXXXXXXXXXXXXXXXX
; XXXXXXXXXXXXXXXXXXXXXXXXXXXXXXXXXXXXXXXXXXXXXXXXXXXXXXXXXXXX
; XXXXXXXXXXXXXXXXXXXXXXXXXXXXXXXXXXXXXXXXXXXXXXXXXXXXXXXXXXXX
; XXXXXXXXXXXXXXXXXXXXXXXXXXXXXXXXXXXXXXXXXXXXXXXXXXXXXXXXXXXX
; XXXXXXXXXXXXXXXXXXXXXXXXXXXXXXXXXXXXXXXXXXXXXXXXXXXXXXXXXXXX
; XXXXXXXXXXXXXXXXXXXXXXXXXXXXXXXXXXXXXXXXXXXXXXXXXXXXXXXXXXXX
; XXXXXXXXXXXXXXXXXXXXXXXXXXXXXXXXXXXXXXXXXXXXXXXXXXXXXXXXXXXX
; XXXXXXXXXXXXXXXXXXXXXXXXXXXXXXXXXXXXXXXXXXXXXXXXXXXXXXXXXXXX
; XXXXXXXXXXXXXXXXXXXXXXXXXXXXXXXXXXXXXXXXXXXXXXXXXXXXXXXXXXXX
; XXXXXXXXXXXXXXXXXXXXXXXXXXXXXXXXXXXXXXXXXXXXXXXXXXXXXXXXXXXX
; XXXXXXXXXXXXXXXXXXXXXXXXXXXXXXXXXXXXXXXXXXXXXXXXXXXXXXXXXXXX
; XXXXXXXXXXXXXXXXXXXXXXXXXXXXXXXXXXXXXXXXXXXXXXXXXXXXXXXXXXXX
; XXXXXXXXXXXXXXXXXXXXXXXXXXXXXXXXXXXXXXXXXXXXXXXXXXXXXXXXXXXX
; XXXXXXXXXXXXXXXXXXXXXXXXXXXXXXXXXXXXXXXXXXXXXXXXXXXXXXXXXXXX
; XXXXXXXXXXXXXXXXXXXXXXXXXXXXXXXXXXXXXXXXXXXXXXXXXXXXXXXXXXXX
; XXXXXXXXXXXXXXXXXXXXXXXXXXXXXXXXXXXXXXXXXXXXXXXXXXXXXXXXXXXX
; XXXXXXXXXXXXXXXXXXXXXXXXXXXXXXXXXXXXXXXXXXXXXXXXXXXXXXXXXXXX
; XXXXXXXXXXXXXXXXXXXXXXXXXXXXXXXXXXXXXXXXXXXXXXXXXXXXXXXXXXXX
; XXXXXXXXXXXXXXXXXXXXXXXXXXXXXXXXXXXXXXXXXXXXXXXXXXXXXXXXXXXX
; XXXXXXXXXXXXXXXXXXXXXXXXXXXXXXXXXXXXXXXXXXXXXXXXXXXXXXXXXXXX
; XXXXXXXXXXXXXXXXXXXXXXXXXXXXXXXXXXXXXXXXXXXXXXXXXXXXXXXXXXXX
; XXXXXXXXXXXXXXXXXXXXXXXXXXXXXXXXXXXXXXXXXXXXXXXXXXXXXXXXXXXX
; XXXXXXXXXXXXXXXXXXXXXXXXXXXXXXXXXXXXXXXXXXXXXXXXXXXXXXXXXXXX
; XXXXXXXXXXXXXXXXXXXXXXXXXXXXXXXXXXXXXXXXXXXXXXXXXXXXXXXXXXXX
; XXXXXXXXXXXXXXXXXXXXXXXXXXXXXXXXXXXXXXXXXXXXXXXXXXXXXXXXXXXX
; XXXXXXXXXXXXXXXXXXXXXXXXXXXXXXXXXXXXXXXXXXXXXXXXXXXXXXXXXXXX
; XXXXXXXXXXXXXXXXXXXXXXXXXXXXXXXXXXXXXXXXXXXXXXXXXXXXXXXXXXXX
; XXXXXXXXXXXXXXXXXXXXXXXXXXXXXXXXXXXXXXXXXXXXXXXXXXXXXXXXXXXX
; XXXXXXXXXXXXXXXXXXXXXXXXXXXXXXXXXXXXXXXXXXXXXXXXXXXXXXXXXXXX
; XXXXXXXXXXXXXXXXXXXXXXXXXXXXXXXXXXXXXXXXXXXXXXXXXXXXXXXXXXXX
; XXXXXXXXXXXXXXXXXXXXXXXXXXXXXXXXXXXXXXXXXXXXXXXXXXXXXXXXXXXX
; XXXXXXXXXXXXXXXXXXXXXXXXXXXXXXXXXXXXXXXXXXXXXXXXXXXXXXXXXXXX
; XXXXXXXXXXXXXXXXXXXXXXXXXXXXXXXXXXXXXXXXXXXXXXXXXXXXXXXXXXXX
; XXXXXXXXXXXXXXXXXXXXXXXXXXXXXXXXXXXXXXXXXXXXXXXXXXXXXXXXXXXX
; XXXXXXXXXXXXXXXXXXXXXXXXXXXXXXXXXXXXXXXXXXXXXXXXXXXXXXXXXXXX
; XXXXXXXXXXXXXXXXXXXXXXXXXXXXXXXXXXXXXXXXXXXXXXXXXXXXXXXXXXXX
; XXXXXXXXXXXXXXXXXXXXXXXXXXXXXXXXXXXXXXXXXXXXXXXXXXXXXXXXXXXX
; XXXXXXXXXXXXXXXXXXXXXXXXXXXXXXXXXXXXXXXXXXXXXXXXXXXXXXXXXXXX
; XXXXXXXXXXXXXXXXXXXXXXXXXXXXXXXXXXXXXXXXXXXXXXXXXXXXXXXXXXXX
; XXXXXXXXXXXXXXXXXXXXXXXXXXXXXXXXXXXXXXXXXXXXXXXXXXXXXXXXXXXX
; XXXXXXXXXXXXXXXXXXXXXXXXXXXXXXXXXXXXXXXXXXXXXXXXXXXXXXXXXXXX
; XXXXXXXXXXXXXXXXXXXXXXXXXXXXXXXXXXXXXXXXXXXXXXXXXXXXXXXXXXXX
; XXXXXXXXXXXXXXXXXXXXXXXXXXXXXXXXXXXXXXXXXXXXXXXXXXXXXXXXXXXX
; XXXXXXXXXXXXXXXXXXXXXXXXXXXXXXXXXXXXXXXXXXXXXXXXXXXXXXXXXXXX
; XXXXXXXXXXXXXXXXXXXXXXXXXXXXXXXXXXXXXXXXXXXXXXXXXXXXXXXXXXXX
; XXXXXXXXXXXXXXXXXXXXXXXXXXXXXXXXXXXXXXXXXXXXXXXXXXXXXXXXXXXX
; XXXXXXXXXXXXXXXXXXXXXXXXXXXXXXXXXXXXXXXXXXXXXXXXXXXXXXXXXXXX
; XXXXXXXXXXXXXXXXXXXXXXXXXXXXXXXXXXXXXXXXXXXXXXXXXXXXXXXXXXXX
; XXXXXXXXXXXXXXXXXXXXXXXXXXXXXXXXXXXXXXXXXXXXXXXXXXXXXXXXXXXX
; XXXXXXXXXXXXXXXXXXXXXXXXXXXXXXXXXXXXXXXXXXXXXXXXXXXXXXXXXXXX
; XXXXXXXXXXXXXXXXXXXXXXXXXXXXXXXXXXXXXXXXXXXXXXXXXXXXXXXXXXXX
; XXXXXXXXXXXXXXXXXXXXXXXXXXXXXXXXXXXXXXXXXXXXXXXXXXXXXXXXXXXX
; XXXXXXXXXXXXXXXXXXXXXXXXXXXXXXXXXXXXXXXXXXXXXXXXXXXXXXXXXXXX
; XXXXXXXXXXXXXXXXXXXXXXXXXXXXXXXXXXXXXXXXXXXXXXXXXXXXXXXXXXXX
; XXXXXXXXXXXXXXXXXXXXXXXXXXXXXXXXXXXXXXXXXXXXXXXXXXXXXXXXXXXX
; XXXXXXXXXXXXXXXXXXXXXXXXXXXXXXXXXXXXXXXXXXXXXXXXXXXXXXXXXXXX
; XXXXXXXXXXXXXXXXXXXXXXXXXXXXXXXXXXXXXXXXXXXXXXXXXXXXXXXXXXXX
; XXXXXXXXXXXXXXXXXXXXXXXXXXXXXXXXXXXXXXXXXXXXXXXXXXXXXXXXXXXX
; XXXXXXXXXXXXXXXXXXXXXXXXXXXXXXXXXXXXXXXXXXXXXXXXXXXXXXXXXXXX
; XXXXXXXXXXXXXXXXXXXXXXXXXXXXXXXXXXXXXXXXXXXXXXXXXXXXXXXXXXXX
; XXXXXXXXXXXXXXXXXXXXXXXXXXXXXXXXXXXXXXXXXXXXXXXXXXXXXXXXXXXX
; XXXXXXXXXXXXXXXXXXXXXXXXXXXXXXXXXXXXXXXXXXXXXXXXXXXXXXXXXXXX
; XXXXXXXXXXXXXXXXXXXXXXXXXXXXXXXXXXXXXXXXXXXXXXXXXXXXXXXXXXXX
; XXXXXXXXXXXXXXXXXXXXXXXXXXXXXXXXXXXXXXXXXXXXXXXXXXXXXXXXXXXX
; XXXXXXXXXXXXXXXXXXXXXXXXXXXXXXXXXXXXXXXXXXXXXXXXXXXXXXXXXXXX
; XXXXXXXXXXXXXXXXXXXXXXXXXXXXXXXXXXXXXXXXXXXXXXXXXXXXXXXXXXXX
; XXXXXXXXXXXXXXXXXXXXXXXXXXXXXXXXXXXXXXXXXXXXXXXXXXXXXXXXXXXX
; XXXXXXXXXXXXXXXXXXXXXXXXXXXXXXXXXXXXXXXXXXXXXXXXXXXXXXXXXXXX
; XXXXXXXXXXXXXXXXXXXXXXXXXXXXXXXXXXXXXXXXXXXXXXXXXXXXXXXXXXXX
; XXXXXXXXXXXXXXXXXXXXXXXXXXXXXXXXXXXXXXXXXXXXXXXXXXXXXXXXXXXX
; XXXXXXXXXXXXXXXXXXXXXXXXXXXXXXXXXXXXXXXXXXXXXXXXXXXXXXXXXXXX
; XXXXXXXXXXXXXXXXXXXXXXXXXXXXXXXXXXXXXXXXXXXXXXXXXXXXXXXXXXXX
; XXXXXXXXXXXXXXXXXXXXXXXXXXXXXXXXXXXXXXXXXXXXXXXXXXXXXXXXXXXX
; XXXXXXXXXXXXXXXXXXXXXXXXXXXXXXXXXXXXXXXXXXXXXXXXXXXXXXXXXXXX
; XXXXXXXXXXXXXXXXXXXXXXXXXXXXXXXXXXXXXXXXXXXXXXXXXXXXXXXXXXXX
; XXXXXXXXXXXXXXXXXXXXXXXXXXXXXXXXXXXXXXXXXXXXXXXXXXXXXXXXXXXX
